// Jest Snapshot v1, https://goo.gl/fbAQLP

exports[`Header Component should match the snapshot 1`] = `
<View
  style={
    {
      "alignItems": "center",
      "backgroundColor": "white",
      "flex": 1,
      "flexDirection": "row",
      "justifyContent": "space-between",
      "marginTop": 40,
      "maxHeight": 65,
    }
  }
>
  <View
    style={
      {
        "alignItems": "center",
        "flexDirection": "row",
      }
    }
  >
    <View
      accessibilityState={
        {
          "busy": undefined,
          "checked": undefined,
          "disabled": undefined,
          "expanded": undefined,
          "selected": undefined,
        }
      }
      accessibilityValue={
        {
          "max": undefined,
          "min": undefined,
          "now": undefined,
          "text": undefined,
        }
      }
      accessible={true}
      collapsable={false}
      focusable={true}
      onClick={[Function]}
      onResponderGrant={[Function]}
      onResponderMove={[Function]}
      onResponderRelease={[Function]}
      onResponderTerminate={[Function]}
      onResponderTerminationRequest={[Function]}
      onStartShouldSetResponder={[Function]}
      style={
        {
          "alignItems": "center",
          "backgroundColor": "#f3eef6",
          "borderRadius": 999,
          "height": 45,
          "justifyContent": "center",
          "marginHorizontal": 16,
          "opacity": 1,
          "width": 45,
        }
      }
      testID="drawer-toggle"
    >
      <Text
        allowFontScaling={false}
        selectable={false}
        style={
          [
            {
              "color": undefined,
              "fontSize": 20,
            },
            undefined,
            {
              "fontFamily": "anticon",
              "fontStyle": "normal",
              "fontWeight": "normal",
            },
            {},
          ]
        }
      >
        î˜¹
      </Text>
    </View>
    <Text
      style={
        {
          "fontSize": 17,
          "fontWeight": "bold",
          "marginLeft": 12,
        }
      }
    >
      Test Title
    </Text>
  </View>
</View>
`;
